// Jest Snapshot v1, https://goo.gl/fbAQLP

exports[`DynamoDB - Snapshot 1`] = `
Object {
  "Outputs": Object {
    "MYCUSTOMTABLETableARN3A1A8A02": Object {
      "Value": Object {
        "Fn::GetAtt": Array [
          "DEVMYCUSTOMTABLE0351AA05",
          "Arn",
        ],
      },
    },
    "MYCUSTOMTABLETopicARN7FE402CF": Object {
      "Value": Object {
        "Ref": "MYCUSTOMTABLETopic652FA786",
      },
    },
  },
  "Resources": Object {
    "DEVMYCUSTOMTABLE0351AA05": Object {
      "DeletionPolicy": "Delete",
      "Properties": Object {
        "AttributeDefinitions": Array [
          Object {
            "AttributeName": "MY_CUSTOM_TABLE_ID",
            "AttributeType": "S",
          },
        ],
        "BillingMode": "PAY_PER_REQUEST",
        "KeySchema": Array [
          Object {
            "AttributeName": "MY_CUSTOM_TABLE_ID",
            "KeyType": "HASH",
          },
        ],
        "PointInTimeRecoverySpecification": Object {
          "PointInTimeRecoveryEnabled": true,
        },
        "StreamSpecification": Object {
          "StreamViewType": "NEW_AND_OLD_IMAGES",
        },
        "TableName": "DEV_MY_CUSTOM_TABLE",
      },
      "Type": "AWS::DynamoDB::Table",
      "UpdateReplacePolicy": "Delete",
    },
    "MYCUSTOMTABLETopic652FA786": Object {
      "Properties": Object {
        "DisplayName": "DEV_MY_CUSTOM_TABLE_TOPIC",
        "Tags": Array [
          Object {
            "Key": "backup-plan",
            "Value": "myBackupPlan",
          },
        ],
      },
      "Type": "AWS::SNS::Topic",
    },
    "MyCluster4C1BA579": Object {
      "Properties": Object {
        "ClusterSettings": Array [
          Object {
            "Name": "containerInsights",
            "Value": "enabled",
          },
        ],
      },
      "Type": "AWS::ECS::Cluster",
    },
    "MyVpcF9F0CA6F": Object {
      "Properties": Object {
        "CidrBlock": "10.0.0.0/16",
        "EnableDnsHostnames": true,
        "EnableDnsSupport": true,
        "InstanceTenancy": "default",
        "Tags": Array [
          Object {
            "Key": "Name",
            "Value": "MyDynamoTestStack/MyDynamoTestStack/MyVpc",
          },
        ],
      },
      "Type": "AWS::EC2::VPC",
    },
    "MyVpcIGW5C4A4F63": Object {
      "Properties": Object {
        "Tags": Array [
          Object {
            "Key": "Name",
            "Value": "MyDynamoTestStack/MyDynamoTestStack/MyVpc",
          },
        ],
      },
      "Type": "AWS::EC2::InternetGateway",
    },
    "MyVpcPrivateSubnet1DefaultRouteA8CDE2FA": Object {
      "Properties": Object {
        "DestinationCidrBlock": "0.0.0.0/0",
        "NatGatewayId": Object {
          "Ref": "MyVpcPublicSubnet1NATGatewayAD3400C1",
        },
        "RouteTableId": Object {
          "Ref": "MyVpcPrivateSubnet1RouteTable8819E6E2",
        },
      },
      "Type": "AWS::EC2::Route",
    },
    "MyVpcPrivateSubnet1RouteTable8819E6E2": Object {
      "Properties": Object {
        "Tags": Array [
          Object {
            "Key": "Name",
            "Value": "MyDynamoTestStack/MyDynamoTestStack/MyVpc/PrivateSubnet1",
          },
        ],
        "VpcId": Object {
          "Ref": "MyVpcF9F0CA6F",
        },
      },
      "Type": "AWS::EC2::RouteTable",
    },
    "MyVpcPrivateSubnet1RouteTableAssociation56D38C7E": Object {
      "Properties": Object {
        "RouteTableId": Object {
          "Ref": "MyVpcPrivateSubnet1RouteTable8819E6E2",
        },
        "SubnetId": Object {
          "Ref": "MyVpcPrivateSubnet1Subnet5057CF7E",
        },
      },
      "Type": "AWS::EC2::SubnetRouteTableAssociation",
    },
    "MyVpcPrivateSubnet1Subnet5057CF7E": Object {
      "Properties": Object {
        "AvailabilityZone": Object {
          "Fn::Select": Array [
            0,
            Object {
              "Fn::GetAZs": "",
            },
          ],
        },
        "CidrBlock": "10.0.128.0/18",
        "MapPublicIpOnLaunch": false,
        "Tags": Array [
          Object {
            "Key": "aws-cdk:subnet-name",
            "Value": "Private",
          },
          Object {
            "Key": "aws-cdk:subnet-type",
            "Value": "Private",
          },
          Object {
            "Key": "Name",
            "Value": "MyDynamoTestStack/MyDynamoTestStack/MyVpc/PrivateSubnet1",
          },
        ],
        "VpcId": Object {
          "Ref": "MyVpcF9F0CA6F",
        },
      },
      "Type": "AWS::EC2::Subnet",
    },
    "MyVpcPrivateSubnet2DefaultRoute9CE96294": Object {
      "Properties": Object {
        "DestinationCidrBlock": "0.0.0.0/0",
        "NatGatewayId": Object {
          "Ref": "MyVpcPublicSubnet2NATGateway91BFBEC9",
        },
        "RouteTableId": Object {
          "Ref": "MyVpcPrivateSubnet2RouteTableCEDCEECE",
        },
      },
      "Type": "AWS::EC2::Route",
    },
    "MyVpcPrivateSubnet2RouteTableAssociation86A610DA": Object {
      "Properties": Object {
        "RouteTableId": Object {
          "Ref": "MyVpcPrivateSubnet2RouteTableCEDCEECE",
        },
        "SubnetId": Object {
          "Ref": "MyVpcPrivateSubnet2Subnet0040C983",
        },
      },
      "Type": "AWS::EC2::SubnetRouteTableAssociation",
    },
    "MyVpcPrivateSubnet2RouteTableCEDCEECE": Object {
      "Properties": Object {
        "Tags": Array [
          Object {
            "Key": "Name",
            "Value": "MyDynamoTestStack/MyDynamoTestStack/MyVpc/PrivateSubnet2",
          },
        ],
        "VpcId": Object {
          "Ref": "MyVpcF9F0CA6F",
        },
      },
      "Type": "AWS::EC2::RouteTable",
    },
    "MyVpcPrivateSubnet2Subnet0040C983": Object {
      "Properties": Object {
        "AvailabilityZone": Object {
          "Fn::Select": Array [
            1,
            Object {
              "Fn::GetAZs": "",
            },
          ],
        },
        "CidrBlock": "10.0.192.0/18",
        "MapPublicIpOnLaunch": false,
        "Tags": Array [
          Object {
            "Key": "aws-cdk:subnet-name",
            "Value": "Private",
          },
          Object {
            "Key": "aws-cdk:subnet-type",
            "Value": "Private",
          },
          Object {
            "Key": "Name",
            "Value": "MyDynamoTestStack/MyDynamoTestStack/MyVpc/PrivateSubnet2",
          },
        ],
        "VpcId": Object {
          "Ref": "MyVpcF9F0CA6F",
        },
      },
      "Type": "AWS::EC2::Subnet",
    },
    "MyVpcPublicSubnet1DefaultRoute95FDF9EB": Object {
      "DependsOn": Array [
        "MyVpcVPCGW488ACE0D",
      ],
      "Properties": Object {
        "DestinationCidrBlock": "0.0.0.0/0",
        "GatewayId": Object {
          "Ref": "MyVpcIGW5C4A4F63",
        },
        "RouteTableId": Object {
          "Ref": "MyVpcPublicSubnet1RouteTableC46AB2F4",
        },
      },
      "Type": "AWS::EC2::Route",
    },
    "MyVpcPublicSubnet1EIP096967CB": Object {
      "Properties": Object {
        "Domain": "vpc",
        "Tags": Array [
          Object {
            "Key": "Name",
            "Value": "MyDynamoTestStack/MyDynamoTestStack/MyVpc/PublicSubnet1",
          },
        ],
      },
      "Type": "AWS::EC2::EIP",
    },
    "MyVpcPublicSubnet1NATGatewayAD3400C1": Object {
      "Properties": Object {
        "AllocationId": Object {
          "Fn::GetAtt": Array [
            "MyVpcPublicSubnet1EIP096967CB",
            "AllocationId",
          ],
        },
        "SubnetId": Object {
          "Ref": "MyVpcPublicSubnet1SubnetF6608456",
        },
        "Tags": Array [
          Object {
            "Key": "Name",
            "Value": "MyDynamoTestStack/MyDynamoTestStack/MyVpc/PublicSubnet1",
          },
        ],
      },
      "Type": "AWS::EC2::NatGateway",
    },
    "MyVpcPublicSubnet1RouteTableAssociation2ECEE1CB": Object {
      "Properties": Object {
        "RouteTableId": Object {
          "Ref": "MyVpcPublicSubnet1RouteTableC46AB2F4",
        },
        "SubnetId": Object {
          "Ref": "MyVpcPublicSubnet1SubnetF6608456",
        },
      },
      "Type": "AWS::EC2::SubnetRouteTableAssociation",
    },
    "MyVpcPublicSubnet1RouteTableC46AB2F4": Object {
      "Properties": Object {
        "Tags": Array [
          Object {
            "Key": "Name",
            "Value": "MyDynamoTestStack/MyDynamoTestStack/MyVpc/PublicSubnet1",
          },
        ],
        "VpcId": Object {
          "Ref": "MyVpcF9F0CA6F",
        },
      },
      "Type": "AWS::EC2::RouteTable",
    },
    "MyVpcPublicSubnet1SubnetF6608456": Object {
      "Properties": Object {
        "AvailabilityZone": Object {
          "Fn::Select": Array [
            0,
            Object {
              "Fn::GetAZs": "",
            },
          ],
        },
        "CidrBlock": "10.0.0.0/18",
        "MapPublicIpOnLaunch": true,
        "Tags": Array [
          Object {
            "Key": "aws-cdk:subnet-name",
            "Value": "Public",
          },
          Object {
            "Key": "aws-cdk:subnet-type",
            "Value": "Public",
          },
          Object {
            "Key": "Name",
            "Value": "MyDynamoTestStack/MyDynamoTestStack/MyVpc/PublicSubnet1",
          },
        ],
        "VpcId": Object {
          "Ref": "MyVpcF9F0CA6F",
        },
      },
      "Type": "AWS::EC2::Subnet",
    },
    "MyVpcPublicSubnet2DefaultRoute052936F6": Object {
      "DependsOn": Array [
        "MyVpcVPCGW488ACE0D",
      ],
      "Properties": Object {
        "DestinationCidrBlock": "0.0.0.0/0",
        "GatewayId": Object {
          "Ref": "MyVpcIGW5C4A4F63",
        },
        "RouteTableId": Object {
          "Ref": "MyVpcPublicSubnet2RouteTable1DF17386",
        },
      },
      "Type": "AWS::EC2::Route",
    },
    "MyVpcPublicSubnet2EIP8CCBA239": Object {
      "Properties": Object {
        "Domain": "vpc",
        "Tags": Array [
          Object {
            "Key": "Name",
            "Value": "MyDynamoTestStack/MyDynamoTestStack/MyVpc/PublicSubnet2",
          },
        ],
      },
      "Type": "AWS::EC2::EIP",
    },
    "MyVpcPublicSubnet2NATGateway91BFBEC9": Object {
      "Properties": Object {
        "AllocationId": Object {
          "Fn::GetAtt": Array [
            "MyVpcPublicSubnet2EIP8CCBA239",
            "AllocationId",
          ],
        },
        "SubnetId": Object {
          "Ref": "MyVpcPublicSubnet2Subnet492B6BFB",
        },
        "Tags": Array [
          Object {
            "Key": "Name",
            "Value": "MyDynamoTestStack/MyDynamoTestStack/MyVpc/PublicSubnet2",
          },
        ],
      },
      "Type": "AWS::EC2::NatGateway",
    },
    "MyVpcPublicSubnet2RouteTable1DF17386": Object {
      "Properties": Object {
        "Tags": Array [
          Object {
            "Key": "Name",
            "Value": "MyDynamoTestStack/MyDynamoTestStack/MyVpc/PublicSubnet2",
          },
        ],
        "VpcId": Object {
          "Ref": "MyVpcF9F0CA6F",
        },
      },
      "Type": "AWS::EC2::RouteTable",
    },
    "MyVpcPublicSubnet2RouteTableAssociation227DE78D": Object {
      "Properties": Object {
        "RouteTableId": Object {
          "Ref": "MyVpcPublicSubnet2RouteTable1DF17386",
        },
        "SubnetId": Object {
          "Ref": "MyVpcPublicSubnet2Subnet492B6BFB",
        },
      },
      "Type": "AWS::EC2::SubnetRouteTableAssociation",
    },
    "MyVpcPublicSubnet2Subnet492B6BFB": Object {
      "Properties": Object {
        "AvailabilityZone": Object {
          "Fn::Select": Array [
            1,
            Object {
              "Fn::GetAZs": "",
            },
          ],
        },
        "CidrBlock": "10.0.64.0/18",
        "MapPublicIpOnLaunch": true,
        "Tags": Array [
          Object {
            "Key": "aws-cdk:subnet-name",
            "Value": "Public",
          },
          Object {
            "Key": "aws-cdk:subnet-type",
            "Value": "Public",
          },
          Object {
            "Key": "Name",
            "Value": "MyDynamoTestStack/MyDynamoTestStack/MyVpc/PublicSubnet2",
          },
        ],
        "VpcId": Object {
          "Ref": "MyVpcF9F0CA6F",
        },
      },
      "Type": "AWS::EC2::Subnet",
    },
    "MyVpcVPCGW488ACE0D": Object {
      "Properties": Object {
        "InternetGatewayId": Object {
          "Ref": "MyVpcIGW5C4A4F63",
        },
        "VpcId": Object {
          "Ref": "MyVpcF9F0CA6F",
        },
      },
      "Type": "AWS::EC2::VPCGatewayAttachment",
    },
  },
}
`;
